# Cache and notification observations
2026-08-09T10:39:53.5898573+00:00 capture-client=capture-2 cache-invalidation=ignored sequence=unknown reason="missing or empty 'Reason'"
2026-08-09T10:39:53.5927879+00:00 capture-client=capture-4 cache-invalidation=ignored sequence=unknown reason="missing or empty 'Reason'"
2026-08-09T10:39:53.5870142+00:00 capture-client=capture-1 cache-invalidation=ignored sequence=unknown reason="missing or invalid 'Generation'"
2026-08-09T10:39:53.5951801+00:00 capture-client=capture-3 cache-invalidation=ignored sequence=1 reason="missing or empty 'Reason'"
2026-08-09T10:39:53.7747370+00:00 capture-client=capture-4 cache-invalidation=ignored sequence=2 reason="missing or empty 'Reason'"
2026-08-09T10:39:53.7764027+00:00 capture-client=capture-2 cache-invalidation=ignored sequence=2 reason="missing or empty 'Reason'"
2026-08-09T10:39:53.7992700+00:00 capture-client=capture-3 cache-invalidation=accepted sequence=2 reason="Document:Put"
2026-08-09T10:39:53.8036847+00:00 capture-client=capture-1 cache-invalidation=accepted sequence=2 reason="Document:Put"
2026-08-09T10:39:56.7710392+00:00 aggressive-clients iteration=1 document=cache-consistency-check/users/1 old=old-1 new=new-1 result=incident staleClients=14 updatedClients=34 aggressiveReads=4464
2026-08-09T10:39:56.8933741+00:00 capture-client=capture-1 cache-invalidation=accepted sequence=3 reason="Document:Put"
2026-08-09T10:39:56.9011162+00:00 capture-client=capture-4 cache-invalidation=accepted sequence=3 reason="Document:Put"
2026-08-09T10:39:56.9040063+00:00 capture-client=capture-2 cache-invalidation=accepted sequence=3 reason="Document:Put"
2026-08-09T10:39:56.9163681+00:00 capture-client=capture-1 cache-invalidation=accepted sequence=4 reason="Document:Put"
2026-08-09T10:39:56.9143205+00:00 capture-client=capture-3 cache-invalidation=accepted sequence=3 reason="Document:Put"
2026-08-09T10:39:56.9192576+00:00 capture-client=capture-4 cache-invalidation=accepted sequence=4 reason="Document:Put"
2026-08-09T10:39:56.9043825+00:00 aggressive-clients iteration=2 document=cache-consistency-check/users/2 old=old-2 new=new-2 result=all-updated staleClients=0 updatedClients=48 aggressiveReads=48
2026-08-09T10:39:56.9232805+00:00 capture-client=capture-2 cache-invalidation=accepted sequence=4 reason="Document:Put"
2026-08-09T10:39:56.9287563+00:00 capture-client=capture-3 cache-invalidation=accepted sequence=4 reason="Document:Put"
2026-08-09T10:39:56.9315681+00:00 capture-client=capture-2 cache-invalidation=accepted sequence=5 reason="Document:Put"
2026-08-09T10:39:56.9356905+00:00 capture-client=capture-1 cache-invalidation=accepted sequence=5 reason="Document:Put"
2026-08-09T10:39:56.9344470+00:00 capture-client=capture-3 cache-invalidation=accepted sequence=5 reason="Document:Put"
2026-08-09T10:39:56.9456068+00:00 capture-client=capture-3 cache-invalidation=accepted sequence=6 reason="Document:Put"
2026-08-09T10:39:56.9469735+00:00 capture-client=capture-1 cache-invalidation=accepted sequence=6 reason="Document:Put"
2026-08-09T10:39:56.9484505+00:00 capture-client=capture-4 cache-invalidation=accepted sequence=5 reason="Document:Put"
2026-08-09T10:39:56.9502478+00:00 capture-client=capture-2 cache-invalidation=accepted sequence=6 reason="Document:Put"
2026-08-09T10:39:56.9537700+00:00 capture-client=capture-4 cache-invalidation=accepted sequence=6 reason="Document:Put"
2026-08-09T10:39:59.9642514+00:00 aggressive-clients iteration=3 document=cache-consistency-check/users/3 old=old-3 new=new-3 result=incident staleClients=2 updatedClients=46 aggressiveReads=4608
2026-08-09T10:40:00.0947481+00:00 capture-client=capture-2 cache-invalidation=accepted sequence=7 reason="Document:Put"
2026-08-09T10:40:00.0979608+00:00 capture-client=capture-4 cache-invalidation=accepted sequence=7 reason="Document:Put"
2026-08-09T10:40:00.1124152+00:00 capture-client=capture-3 cache-invalidation=accepted sequence=7 reason="Document:Put"
2026-08-09T10:40:00.1144455+00:00 capture-client=capture-2 cache-invalidation=accepted sequence=8 reason="Document:Put"
2026-08-09T10:40:00.1166385+00:00 capture-client=capture-1 cache-invalidation=ignored sequence=7 reason="missing or empty 'Reason'"
2026-08-09T10:40:00.1228192+00:00 capture-client=capture-3 cache-invalidation=ignored sequence=8 reason="missing or empty 'Reason'"
2026-08-09T10:40:00.1243687+00:00 capture-client=capture-4 cache-invalidation=accepted sequence=8 reason="Document:Put"
2026-08-09T10:40:00.1258138+00:00 capture-client=capture-1 cache-invalidation=accepted sequence=8 reason="Document:Put"
2026-08-09T10:40:03.1030306+00:00 aggressive-clients iteration=4 document=cache-consistency-check/users/4 old=old-4 new=new-4 result=incident staleClients=3 updatedClients=45 aggressiveReads=4560
2026-08-09T10:40:03.2349900+00:00 capture-client=capture-4 cache-invalidation=accepted sequence=9 reason="Document:Put"
2026-08-09T10:40:03.2455728+00:00 capture-client=capture-4 cache-invalidation=accepted sequence=10 reason="Document:Put"
2026-08-09T10:40:03.2427629+00:00 aggressive-clients iteration=5 document=cache-consistency-check/users/5 old=old-5 new=new-5 result=all-updated staleClients=0 updatedClients=48 aggressiveReads=48
2026-08-09T10:40:03.2562538+00:00 capture-client=capture-2 cache-invalidation=ignored sequence=9 reason="missing or empty 'Reason'"
2026-08-09T10:40:03.2593820+00:00 capture-client=capture-3 cache-invalidation=accepted sequence=9 reason="Document:Put"
2026-08-09T10:40:03.2519711+00:00 capture-client=capture-1 cache-invalidation=accepted sequence=9 reason="Document:Put"
2026-08-09T10:40:03.2823863+00:00 capture-client=capture-3 cache-invalidation=accepted sequence=10 reason="Document:Put"
2026-08-09T10:40:03.2874169+00:00 capture-client=capture-4 cache-invalidation=accepted sequence=11 reason="Document:Put"
2026-08-09T10:40:03.2910344+00:00 capture-client=capture-1 cache-invalidation=accepted sequence=10 reason="Document:Put"
2026-08-09T10:40:03.2762051+00:00 capture-client=capture-2 cache-invalidation=accepted sequence=10 reason="Document:Put"
2026-08-09T10:40:03.3012608+00:00 capture-client=capture-1 cache-invalidation=accepted sequence=11 reason="Document:Put"
2026-08-09T10:40:03.3047160+00:00 capture-client=capture-3 cache-invalidation=accepted sequence=11 reason="Document:Put"
2026-08-09T10:40:03.3085311+00:00 capture-client=capture-4 cache-invalidation=accepted sequence=12 reason="Document:Put"
2026-08-09T10:40:03.3116862+00:00 capture-client=capture-1 cache-invalidation=accepted sequence=12 reason="Document:Put"
2026-08-09T10:40:03.3199026+00:00 capture-client=capture-3 cache-invalidation=accepted sequence=12 reason="Document:Put"
2026-08-09T10:40:03.3231108+00:00 capture-client=capture-2 cache-invalidation=accepted sequence=11 reason="Document:Put"
2026-08-09T10:40:03.3272998+00:00 capture-client=capture-2 cache-invalidation=accepted sequence=12 reason="Document:Put"
2026-08-09T10:40:06.2889332+00:00 aggressive-clients iteration=6 document=cache-consistency-check/users/6 old=old-6 new=new-6 result=incident staleClients=1 updatedClients=47 aggressiveReads=4608
2026-08-09T10:40:06.4325005+00:00 capture-client=capture-3 cache-invalidation=accepted sequence=13 reason="Document:Put"
2026-08-09T10:40:06.4359916+00:00 capture-client=capture-1 cache-invalidation=accepted sequence=13 reason="Document:Put"
2026-08-09T10:40:06.4437528+00:00 capture-client=capture-3 cache-invalidation=accepted sequence=14 reason="Document:Put"
2026-08-09T10:40:06.4462492+00:00 capture-client=capture-1 cache-invalidation=accepted sequence=14 reason="Document:Put"
2026-08-09T10:40:06.4484926+00:00 capture-client=capture-2 cache-invalidation=accepted sequence=13 reason="Document:Put"
2026-08-09T10:40:06.4505675+00:00 capture-client=capture-4 cache-invalidation=accepted sequence=13 reason="Document:Put"
2026-08-09T10:40:06.4536915+00:00 capture-client=capture-2 cache-invalidation=accepted sequence=14 reason="Document:Put"
2026-08-09T10:40:06.4551891+00:00 capture-client=capture-4 cache-invalidation=accepted sequence=14 reason="Document:Put"
2026-08-09T10:40:09.4472084+00:00 aggressive-clients iteration=7 document=cache-consistency-check/users/7 old=old-7 new=new-7 result=incident staleClients=2 updatedClients=46 aggressiveReads=4656
2026-08-09T10:40:09.5731948+00:00 capture-client=capture-4 cache-invalidation=accepted sequence=15 reason="Document:Put"
2026-08-09T10:40:09.5764113+00:00 capture-client=capture-3 cache-invalidation=accepted sequence=15 reason="Document:Put"
2026-08-09T10:40:09.5790350+00:00 capture-client=capture-1 cache-invalidation=accepted sequence=15 reason="Document:Put"
2026-08-09T10:40:09.5873226+00:00 capture-client=capture-2 cache-invalidation=accepted sequence=15 reason="Document:Put"
2026-08-09T10:40:09.6055349+00:00 capture-client=capture-1 cache-invalidation=accepted sequence=16 reason="Document:Put"
2026-08-09T10:40:09.5892635+00:00 aggressive-clients iteration=8 document=cache-consistency-check/users/8 old=old-8 new=new-8 result=all-updated staleClients=0 updatedClients=48 aggressiveReads=48
2026-08-09T10:40:09.6101266+00:00 capture-client=capture-4 cache-invalidation=accepted sequence=16 reason="Document:Put"
2026-08-09T10:40:09.6119014+00:00 capture-client=capture-2 cache-invalidation=accepted sequence=16 reason="Document:Put"
2026-08-09T10:40:09.6229491+00:00 capture-client=capture-4 cache-invalidation=accepted sequence=17 reason="Document:Put"
2026-08-09T10:40:09.6252212+00:00 capture-client=capture-2 cache-invalidation=accepted sequence=17 reason="Document:Put"
2026-08-09T10:40:09.6299872+00:00 capture-client=capture-1 cache-invalidation=accepted sequence=17 reason="Document:Put"
2026-08-09T10:40:09.6346521+00:00 capture-client=capture-3 cache-invalidation=accepted sequence=16 reason="Document:Put"
2026-08-09T10:40:09.6368588+00:00 capture-client=capture-2 cache-invalidation=ignored sequence=18 reason="missing or empty 'Reason'"
2026-08-09T10:40:09.6467854+00:00 capture-client=capture-4 cache-invalidation=accepted sequence=18 reason="Document:Put"
2026-08-09T10:40:09.6511727+00:00 capture-client=capture-3 cache-invalidation=accepted sequence=17 reason="Document:Put"
2026-08-09T10:40:09.6563475+00:00 capture-client=capture-3 cache-invalidation=accepted sequence=18 reason="Document:Put"
2026-08-09T10:40:09.6604157+00:00 capture-client=capture-1 cache-invalidation=accepted sequence=18 reason="Document:Put"
2026-08-09T10:40:12.6398738+00:00 aggressive-clients iteration=9 document=cache-consistency-check/users/9 old=old-9 new=new-9 result=incident staleClients=1 updatedClients=47 aggressiveReads=4608
2026-08-09T10:40:12.7660534+00:00 capture-client=capture-4 cache-invalidation=accepted sequence=19 reason="Document:Put"
2026-08-09T10:40:12.7732378+00:00 capture-client=capture-2 cache-invalidation=accepted sequence=19 reason="Document:Put"
2026-08-09T10:40:12.7764058+00:00 capture-client=capture-3 cache-invalidation=accepted sequence=19 reason="Document:Put"
2026-08-09T10:40:12.7792937+00:00 capture-client=capture-1 cache-invalidation=accepted sequence=19 reason="Document:Put"
2026-08-09T10:40:12.7903121+00:00 capture-client=capture-2 cache-invalidation=accepted sequence=20 reason="Document:Put"
2026-08-09T10:40:12.7942563+00:00 capture-client=capture-3 cache-invalidation=accepted sequence=20 reason="Document:Put"
2026-08-09T10:40:12.7976168+00:00 capture-client=capture-4 cache-invalidation=accepted sequence=20 reason="Document:Put"
2026-08-09T10:40:12.7750812+00:00 aggressive-clients iteration=10 document=cache-consistency-check/users/10 old=old-10 new=new-10 result=all-updated staleClients=0 updatedClients=48 aggressiveReads=48
2026-08-09T10:40:12.8156415+00:00 capture-client=capture-1 cache-invalidation=accepted sequence=20 reason="Document:Put"
2026-08-09T10:40:12.8198076+00:00 capture-client=capture-4 cache-invalidation=accepted sequence=21 reason="Document:Put"
2026-08-09T10:40:12.8178133+00:00 aggressive-clients iteration=11 document=cache-consistency-check/users/11 old=old-11 new=new-11 result=all-updated staleClients=0 updatedClients=48 aggressiveReads=48
2026-08-09T10:40:12.8319838+00:00 capture-client=capture-4 cache-invalidation=accepted sequence=22 reason="Document:Put"
2026-08-09T10:40:12.8404049+00:00 capture-client=capture-3 cache-invalidation=ignored sequence=21 reason="missing or empty 'Reason'"
2026-08-09T10:40:12.8437565+00:00 capture-client=capture-4 cache-invalidation=accepted sequence=23 reason="Document:Put"
2026-08-09T10:40:12.8471686+00:00 capture-client=capture-2 cache-invalidation=accepted sequence=21 reason="Document:Put"
2026-08-09T10:40:12.8644776+00:00 capture-client=capture-1 cache-invalidation=accepted sequence=21 reason="Document:Put"
2026-08-09T10:40:12.8689916+00:00 capture-client=capture-2 cache-invalidation=accepted sequence=22 reason="Document:Put"
2026-08-09T10:40:12.8746503+00:00 capture-client=capture-4 cache-invalidation=accepted sequence=24 reason="Document:Put"
2026-08-09T10:40:12.8791128+00:00 capture-client=capture-2 cache-invalidation=accepted sequence=23 reason="Document:Put"
2026-08-09T10:40:12.8819970+00:00 capture-client=capture-1 cache-invalidation=accepted sequence=22 reason="Document:Put"
2026-08-09T10:40:12.8861086+00:00 capture-client=capture-2 cache-invalidation=accepted sequence=24 reason="Document:Put"
2026-08-09T10:40:12.8903238+00:00 capture-client=capture-3 cache-invalidation=accepted sequence=22 reason="Document:Put"
2026-08-09T10:40:12.8958807+00:00 capture-client=capture-1 cache-invalidation=accepted sequence=23 reason="Document:Put"
2026-08-09T10:40:12.8477684+00:00 aggressive-clients iteration=12 document=cache-consistency-check/users/12 old=old-12 new=new-12 result=all-updated staleClients=0 updatedClients=48 aggressiveReads=48
2026-08-09T10:40:12.9213093+00:00 capture-client=capture-1 cache-invalidation=accepted sequence=24 reason="Document:Put"
2026-08-09T10:40:12.9294346+00:00 capture-client=capture-1 cache-invalidation=accepted sequence=25 reason="Document:Put"
2026-08-09T10:40:12.9349230+00:00 capture-client=capture-1 cache-invalidation=accepted sequence=26 reason="Document:Put"
2026-08-09T10:40:12.9397598+00:00 capture-client=capture-3 cache-invalidation=accepted sequence=23 reason="Document:Put"
2026-08-09T10:40:12.9385090+00:00 aggressive-clients iteration=13 document=cache-consistency-check/users/13 old=old-13 new=new-13 result=all-updated staleClients=0 updatedClients=48 aggressiveReads=48
2026-08-09T10:40:12.9439924+00:00 capture-client=capture-2 cache-invalidation=accepted sequence=25 reason="Document:Put"
2026-08-09T10:40:12.9557923+00:00 capture-client=capture-2 cache-invalidation=accepted sequence=26 reason="Document:Put"
2026-08-09T10:40:12.9619013+00:00 capture-client=capture-1 cache-invalidation=accepted sequence=27 reason="Document:Put"
2026-08-09T10:40:12.9653789+00:00 capture-client=capture-4 cache-invalidation=accepted sequence=25 reason="Document:Put"
2026-08-09T10:40:12.9688564+00:00 capture-client=capture-3 cache-invalidation=accepted sequence=24 reason="Document:Put"
2026-08-09T10:40:12.9728054+00:00 capture-client=capture-2 cache-invalidation=accepted sequence=27 reason="Document:Put"
2026-08-09T10:40:12.9757761+00:00 capture-client=capture-4 cache-invalidation=accepted sequence=26 reason="Document:Put"
2026-08-09T10:40:12.9808268+00:00 capture-client=capture-4 cache-invalidation=accepted sequence=27 reason="Document:Put"
2026-08-09T10:40:12.9854134+00:00 capture-client=capture-4 cache-invalidation=ignored sequence=28 reason="missing or empty 'Reason'"
2026-08-09T10:40:12.9879910+00:00 capture-client=capture-3 cache-invalidation=accepted sequence=25 reason="Document:Put"
2026-08-09T10:40:12.9926124+00:00 capture-client=capture-2 cache-invalidation=accepted sequence=28 reason="Document:Put"
2026-08-09T10:40:12.9968809+00:00 capture-client=capture-3 cache-invalidation=accepted sequence=26 reason="Document:Put"
2026-08-09T10:40:13.0054557+00:00 capture-client=capture-1 cache-invalidation=accepted sequence=28 reason="Document:Put"
2026-08-09T10:40:13.0093044+00:00 capture-client=capture-3 cache-invalidation=accepted sequence=27 reason="Document:Put"
2026-08-09T10:40:13.0154570+00:00 capture-client=capture-3 cache-invalidation=accepted sequence=28 reason="Document:Put"
2026-08-09T10:40:15.9891770+00:00 aggressive-clients iteration=14 document=cache-consistency-check/users/14 old=old-14 new=new-14 result=incident staleClients=1 updatedClients=47 aggressiveReads=4608
2026-08-09T10:40:16.1147055+00:00 capture-client=capture-2 cache-invalidation=accepted sequence=29 reason="Document:Put"
2026-08-09T10:40:16.1255504+00:00 capture-client=capture-4 cache-invalidation=accepted sequence=29 reason="Document:Put"
2026-08-09T10:40:16.1300502+00:00 capture-client=capture-3 cache-invalidation=accepted sequence=29 reason="Document:Put"
2026-08-09T10:40:16.1483016+00:00 capture-client=capture-1 cache-invalidation=accepted sequence=29 reason="Document:Put"
2026-08-09T10:40:16.1533672+00:00 capture-client=capture-1 cache-invalidation=accepted sequence=30 reason="Document:Put"
2026-08-09T10:40:16.1602708+00:00 capture-client=capture-3 cache-invalidation=accepted sequence=30 reason="Document:Put"
2026-08-09T10:40:16.1628767+00:00 capture-client=capture-2 cache-invalidation=accepted sequence=30 reason="Document:Put"
2026-08-09T10:40:16.1198572+00:00 aggressive-clients iteration=15 document=cache-consistency-check/users/15 old=old-15 new=new-15 result=all-updated staleClients=0 updatedClients=48 aggressiveReads=48
2026-08-09T10:40:16.1694299+00:00 capture-client=capture-4 cache-invalidation=accepted sequence=30 reason="Document:Put"
2026-08-09T10:40:16.1762633+00:00 capture-client=capture-3 cache-invalidation=accepted sequence=31 reason="Document:Put"
2026-08-09T10:40:16.1801752+00:00 capture-client=capture-3 cache-invalidation=accepted sequence=32 reason="Document:Put"
2026-08-09T10:40:16.1861883+00:00 capture-client=capture-2 cache-invalidation=accepted sequence=31 reason="Document:Put"
2026-08-09T10:40:16.1895298+00:00 capture-client=capture-2 cache-invalidation=ignored sequence=32 reason="missing or empty 'Reason'"
2026-08-09T10:40:16.1950020+00:00 capture-client=capture-4 cache-invalidation=accepted sequence=31 reason="Document:Put"
2026-08-09T10:40:16.1996153+00:00 capture-client=capture-4 cache-invalidation=ignored sequence=32 reason="missing or empty 'Reason'"
2026-08-09T10:40:16.1823660+00:00 aggressive-clients iteration=16 document=cache-consistency-check/users/16 old=old-16 new=new-16 result=all-updated staleClients=0 updatedClients=48 aggressiveReads=48
2026-08-09T10:40:16.2062566+00:00 capture-client=capture-1 cache-invalidation=accepted sequence=31 reason="Document:Put"
2026-08-09T10:40:16.2150444+00:00 capture-client=capture-4 cache-invalidation=accepted sequence=33 reason="Document:Put"
2026-08-09T10:40:16.2196714+00:00 capture-client=capture-2 cache-invalidation=accepted sequence=33 reason="Document:Put"
2026-08-09T10:40:16.2244541+00:00 capture-client=capture-3 cache-invalidation=accepted sequence=33 reason="Document:Put"
2026-08-09T10:40:16.2275268+00:00 capture-client=capture-4 cache-invalidation=accepted sequence=34 reason="Document:Put"
2026-08-09T10:40:16.2331556+00:00 capture-client=capture-3 cache-invalidation=accepted sequence=34 reason="Document:Put"
2026-08-09T10:40:16.2253276+00:00 aggressive-clients iteration=17 document=cache-consistency-check/users/17 old=old-17 new=new-17 result=all-updated staleClients=0 updatedClients=48 aggressiveReads=48
2026-08-09T10:40:16.2501257+00:00 capture-client=capture-2 cache-invalidation=accepted sequence=34 reason="Document:Put"
2026-08-09T10:40:16.2543493+00:00 capture-client=capture-2 cache-invalidation=accepted sequence=35 reason="Document:Put"
2026-08-09T10:40:16.2613817+00:00 capture-client=capture-4 cache-invalidation=accepted sequence=35 reason="Document:Put"
2026-08-09T10:40:16.2649104+00:00 capture-client=capture-1 cache-invalidation=ignored sequence=32 reason="missing or empty 'Reason'"
2026-08-09T10:40:16.2684736+00:00 capture-client=capture-1 cache-invalidation=accepted sequence=33 reason="Document:Put"
2026-08-09T10:40:16.2745588+00:00 capture-client=capture-3 cache-invalidation=accepted sequence=35 reason="Document:Put"
2026-08-09T10:40:16.2800422+00:00 capture-client=capture-3 cache-invalidation=accepted sequence=36 reason="Document:Put"
2026-08-09T10:40:16.2912874+00:00 capture-client=capture-1 cache-invalidation=accepted sequence=34 reason="Document:Put"
2026-08-09T10:40:16.2995895+00:00 capture-client=capture-1 cache-invalidation=accepted sequence=35 reason="Document:Put"
2026-08-09T10:40:16.3031196+00:00 capture-client=capture-4 cache-invalidation=accepted sequence=36 reason="Document:Put"
2026-08-09T10:40:16.3163258+00:00 capture-client=capture-2 cache-invalidation=accepted sequence=36 reason="Document:Put"
2026-08-09T10:40:16.3189968+00:00 capture-client=capture-1 cache-invalidation=accepted sequence=36 reason="Document:Put"
2026-08-09T10:40:19.2685238+00:00 aggressive-clients iteration=18 document=cache-consistency-check/users/18 old=old-18 new=new-18 result=incident staleClients=3 updatedClients=45 aggressiveReads=4608
2026-08-09T10:40:19.3970841+00:00 capture-client=capture-1 cache-invalidation=accepted sequence=37 reason="Document:Put"
2026-08-09T10:40:19.4060562+00:00 capture-client=capture-2 cache-invalidation=accepted sequence=37 reason="Document:Put"
2026-08-09T10:40:19.4145375+00:00 capture-client=capture-4 cache-invalidation=accepted sequence=37 reason="Document:Put"
2026-08-09T10:40:19.4268878+00:00 capture-client=capture-3 cache-invalidation=accepted sequence=37 reason="Document:Put"
2026-08-09T10:40:19.4312268+00:00 capture-client=capture-2 cache-invalidation=accepted sequence=38 reason="Document:Put"
2026-08-09T10:40:19.4407559+00:00 capture-client=capture-3 cache-invalidation=accepted sequence=38 reason="Document:Put"
2026-08-09T10:40:19.4446875+00:00 capture-client=capture-1 cache-invalidation=accepted sequence=38 reason="Document:Put"
2026-08-09T10:40:19.4518432+00:00 capture-client=capture-4 cache-invalidation=accepted sequence=38 reason="Document:Put"
2026-08-09T10:40:22.4048078+00:00 aggressive-clients iteration=19 document=cache-consistency-check/users/19 old=old-19 new=new-19 result=incident staleClients=1 updatedClients=47 aggressiveReads=4656
2026-08-09T10:40:22.6003750+00:00 capture-client=capture-1 cache-invalidation=accepted sequence=39 reason="Document:Put"
2026-08-09T10:40:22.6136237+00:00 capture-client=capture-3 cache-invalidation=accepted sequence=39 reason="Document:Put"
2026-08-09T10:40:22.6221051+00:00 capture-client=capture-3 cache-invalidation=accepted sequence=40 reason="Document:Put"
2026-08-09T10:40:22.6305577+00:00 capture-client=capture-2 cache-invalidation=accepted sequence=39 reason="Document:Put"
2026-08-09T10:40:22.6357831+00:00 capture-client=capture-4 cache-invalidation=accepted sequence=39 reason="Document:Put"
2026-08-09T10:40:22.6405640+00:00 capture-client=capture-1 cache-invalidation=accepted sequence=40 reason="Document:Put"
2026-08-09T10:40:22.6516669+00:00 capture-client=capture-2 cache-invalidation=accepted sequence=40 reason="Document:Put"
2026-08-09T10:40:22.6563976+00:00 capture-client=capture-4 cache-invalidation=accepted sequence=40 reason="Document:Put"
2026-08-09T10:40:25.6091842+00:00 aggressive-clients iteration=20 document=cache-consistency-check/users/20 old=old-20 new=new-20 result=incident staleClients=1 updatedClients=47 aggressiveReads=4608
